C:\Users\161143>git version
git version 2.19.1.windows.1

C:\Users\161143>mkdir lab1

C:\Users\161143>cd lab1

C:\Users\161143\lab1>notepad l1.txt

C:\Users\161143\lab1>git add l1.txt
fatal: not a git repository (or any of the parent directories): .git

C:\Users\161143\lab1>git init
Initialized empty Git repository in C:/Users/161143/lab1/.git/

C:\Users\161143\lab1>notepad l1.txt

C:\Users\161143\lab1>git add l1.txt

C:\Users\161143\lab1>git commit -m "Initial commit" l1.txt
[master (root-commit) 5620d98] Initial commit
 Committer: unknown <marija.gjorgjievska@students.finki.ukim.mk>
Your name and email address were configured automatically based
on your username and hostname. Please check that they are accurate.
You can suppress this message by setting them explicitly. Run the
following command and follow the instructions in your editor to edit
your configuration file:

    git config --global --edit

After doing this, you may fix the identity used for this commit with:

    git commit --amend --reset-author

 1 file changed, 1 insertion(+)
 create mode 100644 l1.txt

C:\Users\161143\lab1>git status
On branch master
nothing to commit, working tree clean

C:\Users\161143\lab1>git checkout l1.txt

C:\Users\161143\lab1>notepad l1.txt

C:\Users\161143\lab1>git commit -a -m "modify l1.txt" l1.txt
fatal: Paths with -a does not make sense.

C:\Users\161143\lab1>git status
On branch master
Changes not staged for commit:
  (use "git add <file>..." to update what will be committed)
  (use "git checkout -- <file>..." to discard changes in working directory)

        modified:   l1.txt

no changes added to commit (use "git add" and/or "git commit -a")

C:\Users\161143\lab1>git commit -a -m "modify l1.txt"
[master 4864427] modify l1.txt
 Committer: unknown <marija.gjorgjievska@students.finki.ukim.mk>
Your name and email address were configured automatically based
on your username and hostname. Please check that they are accurate.
You can suppress this message by setting them explicitly. Run the
following command and follow the instructions in your editor to edit
your configuration file:

    git config --global --edit

After doing this, you may fix the identity used for this commit with:

    git commit --amend --reset-author

 1 file changed, 2 insertions(+), 1 deletion(-)

C:\Users\161143\lab1>git remote add origin https://github.com/MarijaGjorgjievska/SI_161143_lab1.git

C:\Users\161143\lab1>git push
fatal: The current branch master has no upstream branch.
To push the current branch and set the remote as upstream, use

    git push --set-upstream origin master


C:\Users\161143\lab1>git push --set-upstream origin master
Enumerating objects: 6, done.
Counting objects: 100% (6/6), done.
Delta compression using up to 4 threads
Compressing objects: 100% (2/2), done.
Writing objects: 100% (6/6), 468 bytes | 46.00 KiB/s, done.
Total 6 (delta 1), reused 0 (delta 0)
remote: Resolving deltas: 100% (1/1), done.
To https://github.com/MarijaGjorgjievska/SI_161143_lab1.git
 * [new branch]      master -> master
Branch 'master' set up to track remote branch 'master' from 'origin'.

C:\Users\161143\lab1>notepad l1.txt

C:\Users\161143\lab1>notepad l1.txt

C:\Users\161143\lab1>git checkout -- l1.txt

C:\Users\161143\lab1>notepad l1.txt

C:\Users\161143\lab1>git checkout -b logging
Switched to a new branch 'logging'

C:\Users\161143\lab1>notepad log.txt

C:\Users\161143\lab1>git log
commit 48644272e775fd774d95a3f15c23642d8d61dc4b (HEAD -> logging, origin/master, master)
Author: unknown <marija.gjorgjievska@students.finki.ukim.mk>
Date:   Thu Mar 21 10:36:45 2019 +0100

    modify l1.txt

commit 5620d98771b553e7680f4b21132f1b9b94b7f6aa
Author: unknown <marija.gjorgjievska@students.finki.ukim.mk>
Date:   Thu Mar 21 10:27:51 2019 +0100

    Initial commit

C:\Users\161143\lab1>git add --all

C:\Users\161143\lab1>git status
On branch logging
Changes to be committed:
  (use "git reset HEAD <file>..." to unstage)

        new file:   log.txt


C:\Users\161143\lab1>git commit -m "Added file"
[logging ae50f09] Added file
 Committer: unknown <marija.gjorgjievska@students.finki.ukim.mk>
Your name and email address were configured automatically based
on your username and hostname. Please check that they are accurate.
You can suppress this message by setting them explicitly. Run the
following command and follow the instructions in your editor to edit
your configuration file:

    git config --global --edit

After doing this, you may fix the identity used for this commit with:

    git commit --amend --reset-author

 1 file changed, 11 insertions(+)
 create mode 100644 log.txt

C:\Users\161143\lab1>git push
fatal: The current branch logging has no upstream branch.
To push the current branch and set the remote as upstream, use

    git push --set-upstream origin logging


C:\Users\161143\lab1>git push --set-upstream origin logging
Enumerating objects: 4, done.
Counting objects: 100% (4/4), done.
Delta compression using up to 4 threads
Compressing objects: 100% (3/3), done.
Writing objects: 100% (3/3), 512 bytes | 170.00 KiB/s, done.
Total 3 (delta 0), reused 0 (delta 0)
remote:
remote: Create a pull request for 'logging' on GitHub by visiting:
remote:      https://github.com/MarijaGjorgjievska/SI_161143_lab1/pull/new/logging
remote:
To https://github.com/MarijaGjorgjievska/SI_161143_lab1.git
 * [new branch]      logging -> logging
Branch 'logging' set up to track remote branch 'logging' from 'origin'.

C:\Users\161143\lab1>git checkout master
Switched to branch 'master'
Your branch is up to date with 'origin/master'.

C:\Users\161143\lab1>git merge logging
Updating 4864427..ae50f09
Fast-forward
 log.txt | 11 +++++++++++
 1 file changed, 11 insertions(+)
 create mode 100644 log.txt

C:\Users\161143\lab1>git branch
  logging
* master

C:\Users\161143\lab1>git push origin master
Total 0 (delta 0), reused 0 (delta 0)
To https://github.com/MarijaGjorgjievska/SI_161143_lab1.git
   4864427..ae50f09  master -> master

C:\Users\161143\lab1>git checkout -b allcomands
Switched to a new branch 'allcomands'

C:\Users\161143\lab1>notepad commands.txt

C:\Users\161143\lab1>